---
source: crates/proposer-client/src/tests/proposer_rpc.rs
expression: status.message()
---
No consecutive span proof range found
