---
source: crates/proposer-client/src/tests/proposer_rpc.rs
expression: status.message()
---
Requested end block must be greater than the last proven block
