---
source: crates/proposer-elfs/src/test/mod.rs
expression: snap
---
range vkey
hash_u32 [459094830, 103636772, 1636808744, 565485218, 1180500334, 136323485, 1098826577, 1966815964]
bytes32  0x0036ba765c18b57c930c7dc1421b49ea28cba02dc208086760bf61a8f53b3adc
bytes    0x1b5d3b2e062d5f24618fb82821b49ea2465d016e0820219d417ec351753b3adc
