---
source: crates/proposer-elfs/src/test/mod.rs
expression: snap
snapshot_kind: text
---
aggregation vkey
hash_u32 [1638338388, 1256426946, 526664290, 1122453194, 1403846808, 601906877, 1176579776, 312933952]
bytes32  0x00c34e1ea92b8e3708fb2213142e746caa75a01308f817af6310976012a6fe40
bytes    0x61a70f544ae38dc21f64426242e746ca53ad009823e05ebd46212ec012a6fe40
